node : file:///C:/User
s/Enlight/Downloads/lm
sed-main%20-%20Copy/se
rver/routes/authRoutes
.js:2
At line:1 char:1
+ node server.js > 
error_log.txt 2>&1
+ ~~~~~~~~~~~~~~~~~~~~
~~~~~~~~~~~~~~~
    + CategoryInfo    
          : NotSpeci  
  fied: (file:///C:   
 /User...authRoute    
s.js:2:String) []    
, RemoteException
    + FullyQualifiedE 
   rrorId : NativeCo  
  mmandError
 
import { syncUser, 
getUserData } from '..
/controllers/authContr
oller.js';
         ^^^^^^^^
SyntaxError: The 
requested module '../c
ontrollers/authControl
ler.js' does not 
provide an export 
named 'syncUser'
    at ModuleJob._inst
antiate (node:internal
/modules/esm/module_jo
b:226:21)
    at async 
ModuleJob.run (node:in
ternal/modules/esm/mod
ule_job:335:5)
    at async onImport.
tracePromise.__proto__
 (node:internal/module
s/esm/loader:665:26)
    at async asyncRunE
ntryPointWithESMLoader
 (node:internal/module
s/run_main:117:5)

Node.js v22.21.0
